EnergyPlus Starting
EnergyPlus, Version 26.1.0-6f2e40d102, YMD=2026.07.26 17:30
Initializing Response Factors
Calculating CTFs for "ROOF-1"
Calculating CTFs for "WALL-1"
Calculating CTFs for "FLOOR-SLAB-1"
Calculating CTFs for "INT-WALL-1"
Initializing Window Optical Properties
Initializing Solar Calculations
Allocate Solar Module Arrays
Initializing Zone and Enclosure Report Variables
Initializing Surface (Shading) Report Variables
Computing Interior Solar Absorption Factors
Determining Shadowing Combinations
Computing Window Shade Absorption Factors
Proceeding with Initializing Solar Calculations
Initializing Surfaces
Initializing Outdoor environment for Surfaces
Setting up Surface Reporting Variables
Initializing Temperature and Flux Histories
Initializing Window Shading
Computing Interior Absorption Factors
Computing Interior Diffuse Solar Absorption Factors
Initializing Solar Heat Gains
Initializing Internal Heat Gains
Initializing Interior Solar Distribution
Initializing Interior Convection Coefficients
Gathering Information for Predefined Reporting
Completed Initializing Surface Heat Balance
Calculate Outside Surface Heat Balance
Calculate Inside Surface Heat Balance
Calculate Air Heat Balance
Initializing HVAC
Warming up
Warming up
Warming up
Warming up
Warming up
Warming up
Performing Zone Sizing Simulation for Load Component Report
...for Sizing Period: #1 CHICAGO_IL_USA ANNUAL HEATING 99% DESIGN CONDITIONS DB
Warming up
Warming up
Warming up
Warming up
Warming up
Warming up
Performing Zone Sizing Simulation for Load Component Report
...for Sizing Period: #2 CHICAGO_IL_USA ANNUAL COOLING 1% DESIGN CONDITIONS DB/MCWB
Re-zeroing zone sizing arrays
Warming up
Warming up
Warming up
Warming up
Warming up
Warming up
Performing Zone Sizing Simulation
...for Sizing Period: #1 CHICAGO_IL_USA ANNUAL HEATING 99% DESIGN CONDITIONS DB
Warming up
Warming up
Warming up
Warming up
Warming up
Warming up
Performing Zone Sizing Simulation
...for Sizing Period: #2 CHICAGO_IL_USA ANNUAL COOLING 1% DESIGN CONDITIONS DB/MCWB
Calculating System sizing
...for Sizing Period: #1 CHICAGO_IL_USA ANNUAL HEATING 99% DESIGN CONDITIONS DB
Calculating System sizing
...for Sizing Period: #2 CHICAGO_IL_USA ANNUAL COOLING 1% DESIGN CONDITIONS DB/MCWB
Adjusting Air System Sizing
Adjusting Standard 62.1 Ventilation Sizing
Initializing Simulation
Reporting Surfaces
Beginning Primary Simulation
Initializing New Environment Parameters
Warming up {1}
Warming up {2}
Warming up {3}
Warming up {4}
Warming up {5}
Warming up {6}
Starting Simulation at 01/01/2013 for RUN PERIOD 1
[DEBUG] Meter handles: Elec:Building=1 Elec:HVAC=93
[DEBUG] Actuator handles: cool=21 heat=19
[DEBUG] Sensor handles: temp=25 pmv=72
Updating Shadowing Calculations, Start Date=01/21/2013
Continuing Simulation at 01/21/2013 for RUN PERIOD 1
Updating Shadowing Calculations, Start Date=02/10/2013
Continuing Simulation at 02/10/2013 for RUN PERIOD 1
Updating Shadowing Calculations, Start Date=03/02/2013
Continuing Simulation at 03/02/2013 for RUN PERIOD 1
Updating Shadowing Calculations, Start Date=03/22/2013
Continuing Simulation at 03/22/2013 for RUN PERIOD 1
Updating Shadowing Calculations, Start Date=04/11/2013
Continuing Simulation at 04/11/2013 for RUN PERIOD 1
Updating Shadowing Calculations, Start Date=05/01/2013
Continuing Simulation at 05/01/2013 for RUN PERIOD 1
Updating Shadowing Calculations, Start Date=05/21/2013
Continuing Simulation at 05/21/2013 for RUN PERIOD 1
Updating Shadowing Calculations, Start Date=06/10/2013
Continuing Simulation at 06/10/2013 for RUN PERIOD 1
Updating Shadowing Calculations, Start Date=06/30/2013
Continuing Simulation at 06/30/2013 for RUN PERIOD 1
Writing tabular output file results using HTML format.
Writing final SQL reports
EnergyPlus Run Time=00hr 00min  4.93sec
