Program Version,EnergyPlus, Version 26.1.0-6f2e40d102, YMD=2026.07.25 20:45,
   ************* PythonPlugin: Class Controller imported from: C:\Users\prakh\Downloads\proj\eco-loop-building-agent\plugin.py
   ************* Beginning Zone Sizing Calculations
   ************* Beginning System Sizing Calculations
   ************* Beginning Plant Sizing Calculations
   ************* Testing Individual Branch Integrity
   ************* All Branches passed integrity testing
   ************* Testing Individual Supply Air Path Integrity
   ************* All Supply Air Paths passed integrity testing
   ************* Testing Individual Return Air Path Integrity
   ************* All Return Air Paths passed integrity testing
   ************* No node connection errors were found.
   ************* Beginning Simulation
   ** Severe  ** Call to on_begin_zone_timestep_before_set_current_weather() on plugin.Controller failed!
   **   ~~~   ** Python error description follows: 
   **   ~~~   ** OSError(22, 'Invalid argument')
   **   ~~~   ** Python traceback follows: 
   **   ~~~   ** ```
   **   ~~~   **  >>> Traceback (most recent call last):
   **   ~~~   **  >>>   File "C:\Users\prakh\Downloads\proj\eco-loop-building-agent\plugin.py", line 96, in on_begin_zone_timestep_before_set_current_weather
    state_store.write_state({
   **   ~~~   **  >>>   File "C:\Users\prakh\Downloads\proj\eco-loop-building-agent\state_store.py", line 11, in write_state
    print(f"[STATE] write at wall-clock {time.time():.3f}", flush=True)
   **   ~~~   **  >>> OSError: [Errno 22] Invalid argument
   **   ~~~   ** ```
   **  Fatal  ** Program terminates after call to on_begin_zone_timestep_before_set_current_weather() on plugin.Controller failed!
   ...Summary of Errors that led to program termination:
   ..... Reference severe error count=1
   ..... Last severe error=Call to on_begin_zone_timestep_before_set_current_weather() on plugin.Controller failed!
   ************* EnergyPlus Warmup Error Summary. During Warmup: 0 Warning; 0 Severe Errors.
   ************* EnergyPlus Sizing Error Summary. During Sizing: 0 Warning; 0 Severe Errors.
   ************* EnergyPlus Terminated--Fatal Error Detected. 0 Warning; 1 Severe Errors; Elapsed Time=00hr 00min  1.83sec
